Archive member included because of file (symbol)

R:\fehqt\Proteus/EWL/lib/armv7e-m\libc.a(sprintf.o)
                              Libraries\FEHLCD.o (sprintf)
R:\fehqt\Proteus/EWL/lib/armv7e-m\libc.a(vsnprintf.o)
                              R:\fehqt\Proteus/EWL/lib/armv7e-m\libc.a(sprintf.o) (vsnprintf)
R:\fehqt\Proteus/EWL/lib/armv7e-m\libc.a(exit.o)
                              Startup\__arm_start.o (exit)
R:\fehqt\Proteus/EWL/lib/armv7e-m\libc.a(memcpy.o)
                              R:\fehqt\Proteus/EWL/lib/armv7e-m\libc.a(vsnprintf.o) (memcpy)
R:\fehqt\Proteus/EWL/lib/armv7e-m\libc.a(memset.o)
                              Startup\__arm_start.o (memset)
R:\fehqt\Proteus/EWL/lib/armv7e-m\libc.a(printformat_.o)
                              (__pformatter_)
R:\fehqt\Proteus/EWL/lib/armv7e-m\libc.a(scanformat_.o)
                              (__sformatter)
R:\fehqt\Proteus/EWL/lib/armv7e-m\libc.a(ctype_aeabi.o)
                              R:\fehqt\Proteus/EWL/lib/armv7e-m\libc.a(scanformat_.o) (isspace)
R:\fehqt\Proteus/EWL/lib/armv7e-m\libc.a(__strtoul.o)
                              R:\fehqt\Proteus/EWL/lib/armv7e-m\libc.a(scanformat_.o) (__strtoul)
R:\fehqt\Proteus/EWL/lib/armv7e-m\libc.a(__filll_mem.o)
                              R:\fehqt\Proteus/EWL/lib/armv7e-m\libc.a(memset.o) (__fill_mem)
R:\fehqt\Proteus/EWL/lib/armv7e-m\libc.a(memchr.o)
                              R:\fehqt\Proteus/EWL/lib/armv7e-m\libc.a(printformat_.o) (memchr)
R:\fehqt\Proteus/EWL/lib/armv7e-m\libc.a(strchr.o)
                              R:\fehqt\Proteus/EWL/lib/armv7e-m\libc.a(printformat_.o) (strchr)
R:\fehqt\Proteus/EWL/lib/armv7e-m\libc.a(strlen.o)
                              R:\fehqt\Proteus/EWL/lib/armv7e-m\libc.a(printformat_.o) (strlen)
r:/fehqt/proteus/gcc/bin/../lib/gcc/arm-none-eabi/4.6.2/armv7e-m\libgcc.a(_arm_addsubdf3.o)
                              Libraries\FEHUtility.o (__aeabi_dadd)
r:/fehqt/proteus/gcc/bin/../lib/gcc/arm-none-eabi/4.6.2/armv7e-m\libgcc.a(_arm_muldivdf3.o)
                              Libraries\FEHMotor.o (__aeabi_dmul)
r:/fehqt/proteus/gcc/bin/../lib/gcc/arm-none-eabi/4.6.2/armv7e-m\libgcc.a(_arm_fixdfsi.o)
                              Libraries\FEHMotor.o (__aeabi_d2iz)
r:/fehqt/proteus/gcc/bin/../lib/gcc/arm-none-eabi/4.6.2/armv7e-m\libgcc.a(_arm_fixunsdfsi.o)
                              Libraries\FEHUtility.o (__aeabi_d2uiz)
r:/fehqt/proteus/gcc/bin/../lib/gcc/arm-none-eabi/4.6.2/armv7e-m\libgcc.a(_arm_truncdfsf2.o)
                              Libraries\FEHIO.o (__aeabi_d2f)
r:/fehqt/proteus/gcc/bin/../lib/gcc/arm-none-eabi/4.6.2/armv7e-m\libgcc.a(_arm_addsubsf3.o)
                              Libraries\FEHLCD.o (__aeabi_fsub)
r:/fehqt/proteus/gcc/bin/../lib/gcc/arm-none-eabi/4.6.2/armv7e-m\libgcc.a(_arm_muldivsf3.o)
                              Drivers\mcg.o (__aeabi_fmul)
r:/fehqt/proteus/gcc/bin/../lib/gcc/arm-none-eabi/4.6.2/armv7e-m\libgcc.a(_arm_cmpsf2.o)
                              Libraries\FEHServo.o (__aeabi_fcmpeq)
r:/fehqt/proteus/gcc/bin/../lib/gcc/arm-none-eabi/4.6.2/armv7e-m\libgcc.a(_arm_fixsfsi.o)
                              Libraries\FEHLCD.o (__aeabi_f2iz)
r:/fehqt/proteus/gcc/bin/../lib/gcc/arm-none-eabi/4.6.2/armv7e-m\libgcc.a(_arm_fixunssfsi.o)
                              Drivers\mcg.o (__aeabi_f2uiz)
R:\fehqt\Proteus/EWL/lib/armv7e-m\librt.a(gcc_ctor_dtor.o)
                              Startup\__arm_start.o (__init_cpp)
R:\fehqt\Proteus/EWL/lib/armv7e-m\librt.a(ROMCopy.o)
                              Startup\__arm_start.o (__copy_rom_sections_to_ram)
R:\fehqt\Proteus/EWL/lib/armv7e-m\librt.a(__arm_eabi_init.o)
                              R:\fehqt\Proteus/EWL/lib/armv7e-m\libc.a(exit.o) (__destroy_global_chain)
R:\fehqt\Proteus/EWL/lib/armv7e-m\librt.a(New.o)
                              Libraries\FEHIO.o (operator new(unsigned int))
r:/fehqt/proteus/gcc/bin/../lib/gcc/arm-none-eabi/4.6.2/../../../../arm-none-eabi/lib/armv7e-m\libsupc++.a(class_type_info.o)
                              R:\fehqt\Proteus/EWL/lib/armv7e-m\librt.a(New.o) (vtable for __cxxabiv1::__class_type_info)
r:/fehqt/proteus/gcc/bin/../lib/gcc/arm-none-eabi/4.6.2/../../../../arm-none-eabi/lib/armv7e-m\libsupc++.a(eh_alloc.o)
                              R:\fehqt\Proteus/EWL/lib/armv7e-m\librt.a(New.o) (__cxa_allocate_exception)
r:/fehqt/proteus/gcc/bin/../lib/gcc/arm-none-eabi/4.6.2/../../../../arm-none-eabi/lib/armv7e-m\libsupc++.a(eh_arm.o)
                              R:\fehqt\Proteus/EWL/lib/armv7e-m\librt.a(New.o) (__cxa_end_cleanup)
r:/fehqt/proteus/gcc/bin/../lib/gcc/arm-none-eabi/4.6.2/../../../../arm-none-eabi/lib/armv7e-m\libsupc++.a(eh_aux_runtime.o)
                              r:/fehqt/proteus/gcc/bin/../lib/gcc/arm-none-eabi/4.6.2/../../../../arm-none-eabi/lib/armv7e-m\libsupc++.a(eh_arm.o) (__cxa_bad_typeid)
[...]
Memory Configuration

Name             Origin             Length             Attributes
m_interrupts     0x0000c000         0x00000400         xr
m_cfmprotrom     0x0000c400         0x00000010         xr
m_text           0x0000c410         0x00073bf0         xr
m_data           0x1fff0400         0x0000fc00         xrw
m_data2          0x20000000         0x00010000         xrw
*default*        0x00000000         0xffffffff

Linker script and memory map

LOAD ..\main.o
LOAD Startup\__arm_start.o
LOAD Startup\__arm_end.o
LOAD Startup\kinetis_sysinit.o
LOAD Libraries\FEHMotor.o
LOAD Drivers\mcg.o
LOAD Drivers\uart.o
LOAD Drivers\lptmr.o
LOAD FEHProteus.o
LOAD Drivers\FEHPropeller.o
LOAD Libraries\FEHUtility.o
LOAD Libraries\FEHIO.o
LOAD Drivers\adc16.o
LOAD Libraries\FEHBuzzer.o
LOAD Libraries\FEHServo.o
LOAD Libraries\FEHLCD.o
LOAD Libraries\FEHBattery.o
LOAD Drivers\FEHXBee.o
LOAD Libraries\FEHRPS.o
                0x00011070                __pformatter = __pformatter_
                [0x00011468]                __sformatter = __sformatter
LOAD R:\fehqt\Proteus/EWL/lib/armv7e-m\libstdc++.a
LOAD R:\fehqt\Proteus/EWL/lib/armv7e-m\libm.a
START GROUP
LOAD R:\fehqt\Proteus/EWL/lib/armv7e-m\libc.a
LOAD R:\fehqt\Proteus/EWL/lib/armv7e-m\libc++.a
LOAD R:\fehqt\Proteus/EWL/lib/armv7e-m\libm.a
LOAD r:/fehqt/proteus/gcc/bin/../lib/gcc/arm-none-eabi/4.6.2/armv7e-m\libgcc.a
LOAD R:\fehqt\Proteus/EWL/lib/armv7e-m\librt.a
LOAD r:/fehqt/proteus/gcc/bin/../lib/gcc/arm-none-eabi/4.6.2/../../../../arm-none-eabi/lib/armv7e-m\libsupc++.a
END GROUP
                0x20000000                _estack = 0x20000000
                0x20000000                __SP_INIT = _estack
                0x00000800                __heap_size = 0x800
                0x00000800                __stack_size = 0x800

.interrupts     0x0000c000      0x1e0
                0x0000c000                __vector_table = .
                0x0000c000                . = ALIGN (0x4)
 *(.vectortable)
 .vectortable   0x0000c000      0x1e0 Startup\kinetis_sysinit.o
                0x0000c1e0                . = ALIGN (0x4)

.cfmprotect     0x0000c400        0x0
                0x0000c400                . = ALIGN (0x4)
 *(.cfmconfig)
                0x0000c400                . = ALIGN (0x4)

.text           0x0000c410     0x5ec4
                0x0000c410                . = ALIGN (0x4)
 *(.text)
 .text          0x0000c410      0x370 r:/fehqt/proteus/gcc/bin/../lib/gcc/arm-none-eabi/4.6.2/armv7e-m\libgcc.a(_arm_addsubdf3.o)
                0x0000c410                __aeabi_drsub
                0x0000c418                __aeabi_dsub
                0x0000c418                __subdf3
                0x0000c41c                __aeabi_dadd
                0x0000c41c                __adddf3
                0x0000c694                __floatunsidf
                0x0000c694                __aeabi_ui2d
                0x0000c6b4                __floatsidf
                0x0000c6b4                __aeabi_i2d
                0x0000c6d8                __aeabi_f2d
                0x0000c6d8                __extendsfdf2
                0x0000c714                __floatundidf
                0x0000c714                __aeabi_ul2d
                0x0000c724                __floatdidf
                0x0000c724                __aeabi_l2d
 .text          0x0000c780      0x424 r:/fehqt/proteus/gcc/bin/../lib/gcc/arm-none-eabi/4.6.2/armv7e-m\libgcc.a(_arm_muldivdf3.o)
                0x0000c780                __aeabi_dmul
                0x0000c780                __muldf3
                0x0000c9d4                __divdf3
                0x0000c9d4                __aeabi_ddiv
 .text          0x0000cba4       0xa0 r:/fehqt/proteus/gcc/bin/../lib/gcc/arm-none-eabi/4.6.2/armv7e-m\libgcc.a(_arm_truncdfsf2.o)
                0x0000cba4                __truncdfsf2
                0x0000cba4                __aeabi_d2f
 .text          0x0000cc44      0x21c r:/fehqt/proteus/gcc/bin/../lib/gcc/arm-none-eabi/4.6.2/armv7e-m\libgcc.a(_arm_addsubsf3.o)
                0x0000cc44                __aeabi_frsub
                0x0000cc4c                __subsf3
                0x0000cc4c                __aeabi_fsub
                0x0000cc50                __aeabi_fadd
                0x0000cc50                __addsf3
                0x0000cdb0                __aeabi_ui2f
                0x0000cdb0                __floatunsisf
                0x0000cdb8                __aeabi_i2f
                0x0000cdb8                __floatsisf
                0x0000cdd4                __aeabi_ul2f
                0x0000cdd4                __floatundisf
                0x0000cde4                __aeabi_l2f
                0x0000cde4                __floatdisf
 .text          0x0000ce60      0x2a0 r:/fehqt/proteus/gcc/bin/../lib/gcc/arm-none-eabi/4.6.2/armv7e-m\libgcc.a(_arm_muldivsf3.o)
                0x0000ce60                __mulsf3
                0x0000ce60                __aeabi_fmul
                0x0000cfc8                __aeabi_fdiv
                0x0000cfc8                __divsf3
 .text          0x0000d100       0xec r:/fehqt/proteus/gcc/bin/../lib/gcc/arm-none-eabi/4.6.2/armv7e-m\libgcc.a(_arm_cmpsf2.o)
                0x0000d100                __gesf2
                0x0000d100                __gtsf2
                0x0000d108                __lesf2
                0x0000d108                __ltsf2
                0x0000d110                __nesf2
                0x0000d110                __eqsf2
                0x0000d110                __cmpsf2
                0x0000d170                __aeabi_cfrcmple
                0x0000d178                __aeabi_cfcmpeq
                0x0000d178                __aeabi_cfcmple
                0x0000d188                __aeabi_fcmpeq
                0x0000d19c                __aeabi_fcmplt
                0x0000d1b0                __aeabi_fcmple
                0x0000d1c4                __aeabi_fcmpge
                0x0000d1d8                __aeabi_fcmpgt
 .text          0x0000d1ec       0x4c r:/fehqt/proteus/gcc/bin/../lib/gcc/arm-none-eabi/4.6.2/armv7e-m\libgcc.a(_arm_fixsfsi.o)
                0x0000d1ec                __aeabi_f2iz
                0x0000d1ec                __fixsfsi
 *(.text*)
 .text.main     0x0000d238       0x98 ..\main.o
                0x0000d238                main
 .text._Z41__static_initialization_and_destruction_0ii
                0x0000d2d0       0x34 ..\main.o
 .text._GLOBAL__sub_I_motor1
                0x0000d304       0x14 ..\main.o
 .text.zero_fill_bss
                0x0000d318       0x34 Startup\__arm_start.o
 .text.__thumb_startup
                0x0000d34c       0x34 Startup\__arm_start.o
                0x0000d34c                __thumb_startup
 .text.InitFEHProteus
                0x0000d380      0x15c Startup\__arm_start.o
                0x0000d380                InitFEHProteus
 .text.pll_init_bl
                0x0000d4dc      0x130 Startup\__arm_start.o
 .text.InitPowerButton
                0x0000d60c       0x90 Startup\__arm_start.o
                0x0000d60c                InitPowerButton
 .text._ExitProcess
                0x0000d69c        0xc Startup\__arm_end.o
                0x0000d69c                _ExitProcess
 .text.Default_Handler
                0x0000d6a8        0xc Startup\kinetis_sysinit.o
                0x0000d6a8                BusFault_Handler()
                0x0000d6a8                HardFault_Handler()
                0x0000d6a8                SysTick_Handler()
                0x0000d6a8                PendSV_Handler()
                0x0000d6a8                DebugMonitor_Handler()
                0x0000d6a8                MemManage_Handler()
                0x0000d6a8                NMI_Handler()
                0x0000d6a8                SVC_Handler()
                0x0000d6a8                Default_Handler
                0x0000d6a8                UsageFault_Handler()
 .text.__init_hardware
                0x0000d6b4       0x44 Startup\kinetis_sysinit.o
                0x0000d6b4                __init_hardware
 .text._Z8PortDISRv
                0x0000d6f8       0x5c Startup\kinetis_sysinit.o
                0x0000d6f8                PortDISR()
 .text._ZN8FEHMotorC2ENS_12FEHMotorPortE
                0x0000d754       0x28 Libraries\FEHMotor.o
                0x0000d754                FEHMotor::FEHMotor(FEHMotor::FEHMotorPort)
                0x0000d754                FEHMotor::FEHMotor(FEHMotor::FEHMotorPort)
 .text._Z9uart_initPV11UART_MemMapii
                0x0000d77c      0x20c Drivers\uart.o
                0x0000d77c                uart_init(UART_MemMap volatile*, int, int)
 .text._Z12uart_getcharPV11UART_MemMap
                0x0000d988       0x34 Drivers\uart.o
                0x0000d988                uart_getchar(UART_MemMap volatile*)
 .text._Z13time_delay_msm
                0x0000d9bc       0xa4 Drivers\lptmr.o
                0x0000d9bc                time_delay_ms(unsigned long)
 .text._Z41__static_initialization_and_destruction_0ii
                0x0000da60       0x30 FEHProteus.o
 .text._GLOBAL__sub_I_Propeller
                0x0000da90       0x14 FEHProteus.o
 .text._ZN12FEHPropellerC2Ev
                0x0000daa4       0x20 Drivers\FEHPropeller.o
                0x0000daa4                FEHPropeller::FEHPropeller()
                0x0000daa4                FEHPropeller::FEHPropeller()
 .text._ZN12FEHPropeller10InitializeEv
                0x0000dac4       0x94 Drivers\FEHPropeller.o
                0x0000dac4                FEHPropeller::Initialize()
 .text._ZL5Delaymjj
                0x0000db58       0xc4 Libraries\FEHUtility.o
 .text._Z5Sleepi
                0x0000dc1c       0x34 Libraries\FEHUtility.o
                0x0000dc1c                Sleep(int)
 .text._ZN15DigitalInputPinC2EN5FEHIO8FEHIOPinE
                0x0000dc50       0x24 Libraries\FEHIO.o
                0x0000dc50                DigitalInputPin::DigitalInputPin(FEHIO::FEHIOPin)
                0x0000dc50                DigitalInputPin::DigitalInputPin(FEHIO::FEHIOPin)
 .text._ZN15DigitalInputPinC2Ev
                0x0000dc74       0x18 Libraries\FEHIO.o
                0x0000dc74                DigitalInputPin::DigitalInputPin()
                0x0000dc74                DigitalInputPin::DigitalInputPin()
 .text._ZN15DigitalInputPin10InitializeEN5FEHIO8FEHIOPinE
                0x0000dc8c      0x224 Libraries\FEHIO.o
                0x0000dc8c                DigitalInputPin::Initialize(FEHIO::FEHIOPin)
 .text._Z9portB_isrv
                0x0000deb0       0xd4 Libraries\FEHIO.o
                0x0000deb0                portB_isr()
 .text._Z9portC_isrv
                0x0000df84       0xd8 Libraries\FEHIO.o
                0x0000df84                portC_isr()
 .text._Z9portA_isrv
                0x0000e05c       0xd8 Libraries\FEHIO.o
                0x0000e05c                portA_isr()
 .text._Z9portE_isrv
                0x0000e134       0xd0 Libraries\FEHIO.o
                0x0000e134                portE_isr()
 .text._ZN14AnalogInputPinC2EN5FEHIO8FEHIOPinE
                0x0000e204       0x20 Libraries\FEHIO.o
                0x0000e204                AnalogInputPin::AnalogInputPin(FEHIO::FEHIOPin)
                0x0000e204                AnalogInputPin::AnalogInputPin(FEHIO::FEHIOPin)
 *fill*         0x0000e224        0x4 00
 .text._ZN14AnalogInputPin5ValueEv
                0x0000e228      0x1c0 Libraries\FEHIO.o
                0x0000e228                AnalogInputPin::Value()
 .text._ZN10FEHEncoder12EncoderValueEv
                0x0000e3e8       0xe4 Libraries\FEHIO.o
                0x0000e3e8                FEHEncoder::EncoderValue()
 .text._ZN14AnalogInputPin8InitADCsEv
                0x0000e4cc      0x120 Libraries\FEHIO.o
                0x0000e4cc                AnalogInputPin::InitADCs()
 .text._Z8pit0_isrv
                0x0000e5ec       0x34 Libraries\FEHIO.o
                0x0000e5ec                pit0_isr()
 .text._ZN10FEHEncoder4InitEv
                0x0000e620       0x64 Libraries\FEHIO.o
                0x0000e620                FEHEncoder::Init()
 .text._ZN10FEHEncoder14SetCounterInitEj
                0x0000e684       0x20 Libraries\FEHIO.o
                0x0000e684                FEHEncoder::SetCounterInit(unsigned int)
 .text._ZN10FEHEncoder10ProcessIntEv
                0x0000e6a4       0x80 Libraries\FEHIO.o
                0x0000e6a4                FEHEncoder::ProcessInt()
 .text._ZN10FEHEncoder14ProcessIntSelfEv
                0x0000e724       0x80 Libraries\FEHIO.o
                0x0000e724                FEHEncoder::ProcessIntSelf()
 .text._ZN11ButtonBoardC2EN5FEHIO9FEHIOPortE
                0x0000e7a4      0x10c Libraries\FEHIO.o
                0x0000e7a4                ButtonBoard::ButtonBoard(FEHIO::FEHIOPort)
                0x0000e7a4                ButtonBoard::ButtonBoard(FEHIO::FEHIOPort)
 .text._Z7ADC_CalPV10ADC_MemMap
                0x0000e8b0      0x14c Drivers\adc16.o
                0x0000e8b0                ADC_Cal(ADC_MemMap volatile*)
 .text._Z14ADC_Config_AltPV10ADC_MemMapP7adc_cfg
                0x0000e9fc       0x6c Drivers\adc16.o
                0x0000e9fc                ADC_Config_Alt(ADC_MemMap volatile*, adc_cfg*)
 .text._ZN9FEHBuzzerC2Ev
                0x0000ea68       0x18 Libraries\FEHBuzzer.o
                0x0000ea68                FEHBuzzer::FEHBuzzer()
                0x0000ea68                FEHBuzzer::FEHBuzzer()
 .text._Z41__static_initialization_and_destruction_0ii
                0x0000ea80       0x30 Libraries\FEHBuzzer.o
 .text._GLOBAL__sub_I_Buzzer
                0x0000eab0       0x14 Libraries\FEHBuzzer.o
 .text._ZN6FEHLCD11_InitializeEv
                0x0000eac4      0x5c0 Libraries\FEHLCD.o
                0x0000eac4                FEHLCD::_Initialize()
 .text._ZN6FEHLCDC2Ev
                0x0000f084       0x64 Libraries\FEHLCD.o
                0x0000f084                FEHLCD::FEHLCD()
                0x0000f084                FEHLCD::FEHLCD()
 .text._ZN6FEHLCD10InitializeEv
                0x0000f0e8       0x38 Libraries\FEHLCD.o
                0x0000f0e8                FEHLCD::Initialize()
 .text._ZN6FEHLCD10PrintImageEii
                0x0000f120       0xf4 Libraries\FEHLCD.o
                0x0000f120                FEHLCD::PrintImage(int, int)
 .text._ZN6FEHLCD22ConvertFEHColorTo24BitENS_11FEHLCDColorE
                0x0000f214       0x80 Libraries\FEHLCD.o
                0x0000f214                FEHLCD::ConvertFEHColorTo24Bit(FEHLCD::FEHLCDColor)
 .text._ZN6FEHLCD24Convert24BitColorTo16BitEj
                0x0000f294       0x40 Libraries\FEHLCD.o
                0x0000f294                FEHLCD::Convert24BitColorTo16Bit(unsigned int)
 .text._ZN6FEHLCD22ConvertRGBColorTo16BitEhhh
                0x0000f2d4       0x44 Libraries\FEHLCD.o
                0x0000f2d4                FEHLCD::ConvertRGBColorTo16Bit(unsigned char, unsigned char, unsigned char)
 .text._ZN6FEHLCD5ClearENS_11FEHLCDColorE
                0x0000f318       0x28 Libraries\FEHLCD.o
                0x0000f318                FEHLCD::Clear(FEHLCD::FEHLCDColor)
 .text._ZN6FEHLCD5ClearEj
                0x0000f340       0x2c Libraries\FEHLCD.o
                0x0000f340                FEHLCD::Clear(unsigned int)
 .text._ZN6FEHLCD18SetBackgroundColorENS_11FEHLCDColorE
                0x0000f36c       0x28 Libraries\FEHLCD.o
                0x0000f36c                FEHLCD::SetBackgroundColor(FEHLCD::FEHLCDColor)
 .text._ZN6FEHLCD18SetBackgroundColorEj
                0x0000f394       0x28 Libraries\FEHLCD.o
                0x0000f394                FEHLCD::SetBackgroundColor(unsigned int)
 .text._ZN6FEHLCD12SetFontColorENS_11FEHLCDColorE
                0x0000f3bc       0x28 Libraries\FEHLCD.o
                0x0000f3bc                FEHLCD::SetFontColor(FEHLCD::FEHLCDColor)
 .text._ZN6FEHLCD12SetFontColorEj
                0x0000f3e4       0x28 Libraries\FEHLCD.o
                0x0000f3e4                FEHLCD::SetFontColor(unsigned int)
 .text._ZN6FEHLCD7WriteAtEPKcii
                0x0000f40c       0x58 Libraries\FEHLCD.o
                0x0000f40c                FEHLCD::WriteAt(char const*, int, int)
 .text._ZN6FEHLCD5WriteEPKc
                0x0000f464       0x5c Libraries\FEHLCD.o
                0x0000f464                FEHLCD::Write(char const*)
 .text._ZN6FEHLCD5WriteEf
                0x0000f4c0       0xdc Libraries\FEHLCD.o
                0x0000f4c0                FEHLCD::Write(float)
 .text._ZN6FEHLCD9WriteLineEPKc
                0x0000f59c       0x28 Libraries\FEHLCD.o
                0x0000f59c                FEHLCD::WriteLine(char const*)
 .text._ZN6FEHLCD9WriteLineEf
                0x0000f5c4       0x28 Libraries\FEHLCD.o
                0x0000f5c4                FEHLCD::WriteLine(float)
 .text._ZN6FEHLCD10WriteIndexEh
                0x0000f5ec      0x288 Libraries\FEHLCD.o
                0x0000f5ec                FEHLCD::WriteIndex(unsigned char)
 .text._ZN6FEHLCD14WriteParameterEh
                0x0000f874      0x254 Libraries\FEHLCD.o
                0x0000f874                FEHLCD::WriteParameter(unsigned char)
 .text._ZN6FEHLCD6_ClearEv
                0x0000fac8      0x228 Libraries\FEHLCD.o
                0x0000fac8                FEHLCD::_Clear()
 .text._ZN6FEHLCD8NextLineEv
                0x0000fcf0       0x30 Libraries\FEHLCD.o
                0x0000fcf0                FEHLCD::NextLine()
 .text._ZN6FEHLCD9CheckLineEv
                0x0000fd20       0x2c Libraries\FEHLCD.o
                0x0000fd20                FEHLCD::CheckLine()
 .text._ZN6FEHLCD8NextCharEv
                0x0000fd4c       0x34 Libraries\FEHLCD.o
                0x0000fd4c                FEHLCD::NextChar()
 .text._ZN6FEHLCD13SetDrawRegionEiiii
                0x0000fd80      0x10c Libraries\FEHLCD.o
                0x0000fd80                FEHLCD::SetDrawRegion(int, int, int, int)
 .text._ZN6FEHLCD9WriteCharEiic
                0x0000fe8c       0x40 Libraries\FEHLCD.o
                0x0000fe8c                FEHLCD::WriteChar(int, int, char)
 .text._ZN6FEHLCD11WriteCharAtEiic
                0x0000fecc      0x278 Libraries\FEHLCD.o
                0x0000fecc                FEHLCD::WriteCharAt(int, int, char)
 .text._ZN6FEHLCD11RepeatColorEv
                0x00010144       0xbc Libraries\FEHLCD.o
                0x00010144                FEHLCD::RepeatColor()
 .text._ZN6FEHLCD10_ForePixelEv
                0x00010200      0x160 Libraries\FEHLCD.o
                0x00010200                FEHLCD::_ForePixel()
 .text._ZN6FEHLCD10_BackPixelEv
                0x00010360      0x160 Libraries\FEHLCD.o
                0x00010360                FEHLCD::_BackPixel()
 .text._ZN6FEHLCD22SetRegisterColorValuesEv
                0x000104c0      0x4c0 Libraries\FEHLCD.o
                0x000104c0                FEHLCD::SetRegisterColorValues()
 .text._Z41__static_initialization_and_destruction_0ii
                0x00010980       0x30 Libraries\FEHLCD.o
 .text._GLOBAL__sub_I_image
                0x000109b0       0x14 Libraries\FEHLCD.o
 .text._ZN10FEHBatteryC2EN5FEHIO8FEHIOPinE
                0x000109c4       0x24 Libraries\FEHBattery.o
                0x000109c4                FEHBattery::FEHBattery(FEHIO::FEHIOPin)
                0x000109c4                FEHBattery::FEHBattery(FEHIO::FEHIOPin)
 .text._Z41__static_initialization_and_destruction_0ii
                0x000109e8       0x34 Libraries\FEHBattery.o
 .text._GLOBAL__sub_I_Battery
                0x00010a1c       0x14 Libraries\FEHBattery.o
 .text._ZN7FEHXBeeC2Ev
                0x00010a30       0x20 Drivers\FEHXBee.o
                0x00010a30                FEHXBee::FEHXBee()
                0x00010a30                FEHXBee::FEHXBee()
 .text._ZN7FEHXBee17SetPacketCallBackEPFvPhhE
                0x00010a50       0x20 Drivers\FEHXBee.o
                0x00010a50                FEHXBee::SetPacketCallBack(void (*)(unsigned char*, unsigned char))
 .text._Z9UART0_ISRv
                0x00010a70      0x174 Drivers\FEHXBee.o
                0x00010a70                UART0_ISR()
 .text._ZN6FEHRPSC2Ev
                0x00010be4       0x88 Libraries\FEHRPS.o
                0x00010be4                FEHRPS::FEHRPS()
                0x00010be4                FEHRPS::FEHRPS()
 .text._Z14RPSDataProcessPhh
                0x00010c6c      0x15c Libraries\FEHRPS.o
                0x00010c6c                RPSDataProcess(unsigned char*, unsigned char)
 .text._Z41__static_initialization_and_destruction_0ii
                0x00010dc8       0x30 Libraries\FEHRPS.o
 .text._GLOBAL__sub_I_RPS
                0x00010df8       0x14 Libraries\FEHRPS.o
 .text.sprintf  0x00010e0c       0x1c R:\fehqt\Proteus/EWL/lib/armv7e-m\libc.a(sprintf.o)
                0x00010e0c                sprintf
 .text.__StringWrite
                0x00010e28       0x28 R:\fehqt\Proteus/EWL/lib/armv7e-m\libc.a(vsnprintf.o)
                0x00010e28                __StringWrite
 .text.vsnprintf
                0x00010e50       0x34 R:\fehqt\Proteus/EWL/lib/armv7e-m\libc.a(vsnprintf.o)
                0x00010e50                vsnprintf
 .text.exit     0x00010e84       0x38 R:\fehqt\Proteus/EWL/lib/armv7e-m\libc.a(exit.o)
                0x00010e84                exit
 .text.memcpy   0x00010ebc       0x12 R:\fehqt\Proteus/EWL/lib/armv7e-m\libc.a(memcpy.o)
                0x00010ebc                memcpy
 .text.memset   0x00010ece        0xc R:\fehqt\Proteus/EWL/lib/armv7e-m\libc.a(memset.o)
                0x00010ece                memset
 .text.long2str.isra.0
                0x00010eda      0x196 R:\fehqt\Proteus/EWL/lib/armv7e-m\libc.a(printformat_.o)
 .text.__pformatter_
                0x00011070      0x3f8 R:\fehqt\Proteus/EWL/lib/armv7e-m\libc.a(printformat_.o)
                0x00011070                __pformatter_
 .text.__sformatter
                0x00011468      0x74e R:\fehqt\Proteus/EWL/lib/armv7e-m\libc.a(scanformat_.o)
                0x00011468                __sformatter
 *fill*         0x00011bb6        0x2 00
 .text.isalpha  0x00011bb8       0x1c R:\fehqt\Proteus/EWL/lib/armv7e-m\libc.a(ctype_aeabi.o)
                0x00011bb8                isalpha
 .text.isspace  0x00011bd4       0x1c R:\fehqt\Proteus/EWL/lib/armv7e-m\libc.a(ctype_aeabi.o)
                0x00011bd4                isspace
 .text.toupper  0x00011bf0        0xc R:\fehqt\Proteus/EWL/lib/armv7e-m\libc.a(ctype_aeabi.o)
                0x00011bf0                toupper
 .text.__strtoul
                0x00011bfc      0x1dc R:\fehqt\Proteus/EWL/lib/armv7e-m\libc.a(__strtoul.o)
                0x00011bfc                __strtoul
 .text.__fill_mem
                0x00011dd8       0x76 R:\fehqt\Proteus/EWL/lib/armv7e-m\libc.a(__filll_mem.o)
                0x00011dd8                __fill_mem
 .text.memchr   0x00011e4e       0x1a R:\fehqt\Proteus/EWL/lib/armv7e-m\libc.a(memchr.o)
                0x00011e4e                memchr
 .text.strchr   0x00011e68       0x1c R:\fehqt\Proteus/EWL/lib/armv7e-m\libc.a(strchr.o)
                0x00011e68                strchr
 .text.strlen   0x00011e84       0x10 R:\fehqt\Proteus/EWL/lib/armv7e-m\libc.a(strlen.o)
                0x00011e84                strlen
 .text.__init_cpp
                0x00011e94       0x4c R:\fehqt\Proteus/EWL/lib/armv7e-m\librt.a(gcc_ctor_dtor.o)
                0x00011e94                __init_cpp
 .text.__fini_cpp
                0x00011ee0       0x34 R:\fehqt\Proteus/EWL/lib/armv7e-m\librt.a(gcc_ctor_dtor.o)
                0x00011ee0                __fini_cpp
 .text.__copy_rom_section
                0x00011f14       0x44 R:\fehqt\Proteus/EWL/lib/armv7e-m\librt.a(ROMCopy.o)
                0x00011f14                __copy_rom_section
 .text.__copy_rom_sections_to_ram
                0x00011f58       0x34 R:\fehqt\Proteus/EWL/lib/armv7e-m\librt.a(ROMCopy.o)
                0x00011f58                __copy_rom_sections_to_ram
 .text.__destroy_global_chain
                0x00011f8c       0x1c R:\fehqt\Proteus/EWL/lib/armv7e-m\librt.a(__arm_eabi_init.o)
                0x00011f8c                __destroy_global_chain
 .text.__init_registers
                0x00011fa8       0x20 R:\fehqt\Proteus/EWL/lib/armv7e-m\librt.a(__arm_eabi_init.o)
                0x00011fa8                __init_registers
 .text.__init_user
                0x00011fc8        0x4 R:\fehqt\Proteus/EWL/lib/armv7e-m\librt.a(__arm_eabi_init.o)
                0x00011fc8                __init_user
 *(.rodata)
 .rodata        0x00011fcc       0x10 ..\main.o
 .rodata        0x00011fdc       0x78 Libraries\FEHIO.o
 .rodata        0x00012054       0x34 Libraries\FEHLCD.o
 *(.rodata*)
 .rodata._ZL9GPIOPorts
                0x00012088       0x20 Libraries\FEHIO.o
 .rodata._ZL10ADCNumbers
                0x000120a8       0x24 Libraries\FEHIO.o
 .rodata._ZL14GPIOPinNumbers
                0x000120cc       0x80 Libraries\FEHIO.o
 .rodata._ZL16AnalogPinNumbers
                0x0001214c       0x84 Libraries\FEHIO.o
 .rodata.str1.1
                0x000121d0        0x1 R:\fehqt\Proteus/EWL/lib/armv7e-m\libc.a(printformat_.o)
 .rodata.__aeabi_ctype_table_C
                0x000121d1      0x101 R:\fehqt\Proteus/EWL/lib/armv7e-m\libc.a(ctype_aeabi.o)
                0x000121d1                __aeabi_ctype_table_C
 *(.glue_7)
 .glue_7        0x00000000        0x0 linker stubs
 *(.glue_7t)
 .glue_7t       0x00000000        0x0 linker stubs
 *(.eh_frame)
 *(.init)
 *(.fini)
                0x000122d4                . = ALIGN (0x4)
 *fill*         0x000122d2        0x2 00
                0x000122d4                _etext = .

.vfp11_veneer   0x000122d4        0x0
 .vfp11_veneer  0x00000000        0x0 linker stubs

.v4_bx          0x000122d4        0x0
 .v4_bx         0x00000000        0x0 linker stubs

.ARM.extab
 *(.ARM.extab* .gnu.linkonce.armextab.*)

.ARM            0x000122d4        0x0
                0x000122d4                __exidx_start = .
 *(.ARM.exidx*)
                0x000122d4                __exidx_end = .

.ctors          0x000122d4        0x0
                0x000122d4                __CTOR_LIST__ = .
 *crtbegin.o(.ctors)
 *(EXCLUDE_FILE(*crtend.o) .ctors)
 *(SORT(.ctors.*))
 *(.ctors)
                0x000122d4                __CTOR_END__ = .

.dtors          0x000122d4        0x0
                0x000122d4                __DTOR_LIST__ = .
 *crtbegin.o(.dtors)
 *(EXCLUDE_FILE(*crtend.o) .dtors)
 *(SORT(.dtors.*))
 *(.dtors)
                0x000122d4                __DTOR_END__ = .

.preinit_array  0x000122d4        0x0
                0x000122d4                PROVIDE (__preinit_array_start, .)
 *(.preinit_array*)
                0x000122d4                PROVIDE (__preinit_array_end, .)

.init_array     0x000122d4       0x18
                0x000122d4                PROVIDE (__init_array_start, .)
 *(SORT(.init_array.*))
 *(.init_array*)
 .init_array    0x000122d4        0x4 ..\main.o
 .init_array    0x000122d8        0x4 FEHProteus.o
 .init_array    0x000122dc        0x4 Libraries\FEHBuzzer.o
 .init_array    0x000122e0        0x4 Libraries\FEHLCD.o
 .init_array    0x000122e4        0x4 Libraries\FEHBattery.o
 .init_array    0x000122e8        0x4 Libraries\FEHRPS.o
                0x000122ec                PROVIDE (__init_array_end, .)

.fini_array     0x000122ec        0x0
                0x000122ec                PROVIDE (__fini_array_start, .)
 *(SORT(.fini_array.*))
 *(.fini_array*)
                0x000122ec                PROVIDE (__fini_array_end, .)
                0x000122ec                ___ROM_AT = .

.data           0x1fff0400     0x321c load address 0x000122ec
                0x1fff0400                . = ALIGN (0x4)
                0x1fff0400                _sdata = .
 *(.data)
 *(.data*)
 .data.image    0x1fff0400     0x303c Libraries\FEHLCD.o
                0x1fff0400                image
 .data._ZN6FEHLCD8fontDataE
                0x1fff343c      0x1e0 Libraries\FEHLCD.o
                0x1fff343c                FEHLCD::fontData
                0x1fff361c                . = ALIGN (0x4)
                0x1fff361c                _edata = .
                0x0000321c                ___data_size = (_edata - _sdata)
                0x00015508                ___m_data2_ROMStart = (___ROM_AT + SIZEOF (.data))

.user_data2     0x20000000        0x0 load address 0x00015508
                0x20000000                . = ALIGN (0x4)
                0x20000000                ___m_data2_RAMStart = .
 *(.data2)
                0x20000000                ___m_data2_RAMEnd = .
                0x20000000                . = ALIGN (0x4)
                0x00000000                ___m_data2_ROMSize = (___m_data2_RAMEnd - ___m_data2_RAMStart)
                0x20000000                . = ALIGN (0x4)

.bss            0x1fff361c      0x158 load address 0x00015508
                0x1fff361c                __START_BSS = .
                0x1fff361c                PROVIDE (__bss_start__, __START_BSS)
 *(.bss)
 *(.bss*)
 .bss.motor1    0x1fff361c        0x4 ..\main.o
                0x1fff361c                motor1
 .bss._ZL4argv  0x1fff3620        0x4 Startup\__arm_start.o
 .bss.Propeller
                0x1fff3624        0x4 FEHProteus.o
                0x1fff3624                Propeller
 .bss.CoreClockKHz
                0x1fff3628        0x4 FEHProteus.o
                0x1fff3628                CoreClockKHz
 .bss.CoreClockMHz
                0x1fff362c        0x4 FEHProteus.o
                0x1fff362c                CoreClockMHz
 .bss.PeripheralClockKHz
                0x1fff3630        0x4 FEHProteus.o
                0x1fff3630                PeripheralClockKHz
 .bss._ZN14AnalogInputPin17Master_Adc_ConfigE
                0x1fff3634       0x10 Libraries\FEHIO.o
                0x1fff3634                AnalogInputPin::Master_Adc_Config
 .bss._ZN14AnalogInputPin18Encoder_Adc_ConfigE
                0x1fff3644       0x10 Libraries\FEHIO.o
                0x1fff3644                AnalogInputPin::Encoder_Adc_Config
 .bss.interrupt_counts
                0x1fff3654       0x80 Libraries\FEHIO.o
                0x1fff3654                interrupt_counts
 .bss._ZN10FEHEncoder7pinListE
                0x1fff36d4        0x4 Libraries\FEHIO.o
                0x1fff36d4                FEHEncoder::pinList
 .bss.__interrupt_counter
                0x1fff36d8        0x4 Libraries\FEHIO.o
                0x1fff36d8                __interrupt_counter
 .bss.Buzzer    0x1fff36dc        0x4 Libraries\FEHBuzzer.o
                0x1fff36dc                Buzzer
 .bss.LCD       0x1fff36e0       0x3c Libraries\FEHLCD.o
                0x1fff36e0                LCD
 .bss.initialized
                0x1fff371c        0x1 Libraries\FEHLCD.o
                0x1fff371c                initialized
 *fill*         0x1fff371d        0x3 00
 .bss.Battery   0x1fff3720        0x4 Libraries\FEHBattery.o
                0x1fff3720                Battery
 .bss.XBeeDataProcess
                0x1fff3724        0x4 Drivers\FEHXBee.o
                0x1fff3724                XBeeDataProcess
 .bss._xbeebuffer
                0x1fff3728       0x10 Drivers\FEHXBee.o
                0x1fff3728                _xbeebuffer
 .bss._xbeebufferindex
                0x1fff3738        0x1 Drivers\FEHXBee.o
                0x1fff3738                _xbeebufferindex
 .bss._xbeestate
                0x1fff3739        0x1 Drivers\FEHXBee.o
                0x1fff3739                _xbeestate
 .bss._xbeebytereceived
                0x1fff373a        0x1 Drivers\FEHXBee.o
                0x1fff373a                _xbeebytereceived
 .bss._xbeebyte
                0x1fff373b        0x1 Drivers\FEHXBee.o
                0x1fff373b                _xbeebyte
 .bss.RPS       0x1fff373c        0x8 Libraries\FEHRPS.o
                0x1fff373c                RPS
 .bss._enabled  0x1fff3744        0x1 Libraries\FEHRPS.o
                0x1fff3744                _enabled
 *fill*         0x1fff3745        0x3 00
 .bss._RPS_x    0x1fff3748        0x4 Libraries\FEHRPS.o
                0x1fff3748                _RPS_x
 .bss._RPS_y    0x1fff374c        0x4 Libraries\FEHRPS.o
                0x1fff374c                _RPS_y
 .bss._RPS_heading
                0x1fff3750        0x4 Libraries\FEHRPS.o
                0x1fff3750                _RPS_heading
 .bss._RPS_objective
                0x1fff3754        0x4 Libraries\FEHRPS.o
                0x1fff3754                _RPS_objective
 .bss._RPS_time
                0x1fff3758        0x1 Libraries\FEHRPS.o
                0x1fff3758                _RPS_time
 .bss._RPS_stop
                0x1fff3759        0x1 Libraries\FEHRPS.o
                0x1fff3759                _RPS_stop
 .bss._RPS_foundpacket
                0x1fff375a        0x1 Libraries\FEHRPS.o
                0x1fff375a                _RPS_foundpacket
 *fill*         0x1fff375b        0x1 00
 .bss.__stdio_exit
                0x1fff375c        0x4 R:\fehqt\Proteus/EWL/lib/armv7e-m\libc.a(exit.o)
                0x1fff375c                __stdio_exit
 .bss.__console_exit
                0x1fff3760        0x4 R:\fehqt\Proteus/EWL/lib/armv7e-m\libc.a(exit.o)
                0x1fff3760                __console_exit
 .bss.__S_romp  0x1fff3764        0xc R:\fehqt\Proteus/EWL/lib/armv7e-m\librt.a(ROMCopy.o)
 .bss.__global_destructor_chain
                0x1fff3770        0x4 R:\fehqt\Proteus/EWL/lib/armv7e-m\librt.a(__arm_eabi_init.o)
                0x1fff3770                __global_destructor_chain
 *(COMMON)
                0x1fff3774                . = ALIGN (0x4)
                0x1fff3774                __END_BSS = .
                0x1fff3774                PROVIDE (__bss_end__, __END_BSS)

._user_heap_stack
                0x1fff3774     0x1000 load address 0x00015660
                0x1fff3774                . = ALIGN (0x4)
                0x1fff3774                PROVIDE (end, .)
                0x1fff3774                PROVIDE (_end, .)
                0x1fff3774                __heap_addr = .
                0x1fff3f74                . = (. + __heap_size)
 *fill*         0x1fff3774      0x800 00
                0x1fff4774                . = (. + __stack_size)
 *fill*         0x1fff3f74      0x800 00
                0x1fff4774                . = ALIGN (0x4)
                0x00015508                _romp_at = ((___ROM_AT + SIZEOF (.data)) + SIZEOF (.user_data2))

.romp           0x20000000       0x24 load address 0x00015508
                0x00015508                __S_romp = _romp_at
                0x20000000        0x4 LONG 0x122ec ___ROM_AT
                0x20000004        0x4 LONG 0x1fff0400 _sdata
                0x20000008        0x4 LONG 0x321c ___data_size
                0x2000000c        0x4 LONG 0x15508 ___m_data2_ROMStart
                0x20000010        0x4 LONG 0x20000000 ___m_data2_RAMStart
                0x20000014        0x4 LONG 0x0 ___m_data2_ROMSize
                0x20000018        0x4 LONG 0x0
                0x2000001c        0x4 LONG 0x0
                0x20000020        0x4 LONG 0x0

.ARM.attributes
                0x00000000       0x33
 *(.ARM.attributes)
 .ARM.attributes
                0x00000000       0x33 ..\main.o
 .ARM.attributes
                0x00000033       0x33 Startup\__arm_start.o
 .ARM.attributes
                0x00000066       0x33 Startup\__arm_end.o
 .ARM.attributes
                0x00000099       0x33 Startup\kinetis_sysinit.o
 .ARM.attributes
                0x000000cc       0x33 Libraries\FEHMotor.o
 .ARM.attributes
                0x000000ff       0x33 Drivers\uart.o
 .ARM.attributes
                0x00000132       0x33 Drivers\lptmr.o
 .ARM.attributes
                0x00000165       0x33 FEHProteus.o
 .ARM.attributes
                0x00000198       0x33 Drivers\FEHPropeller.o
 .ARM.attributes
                0x000001cb       0x33 Libraries\FEHUtility.o
 .ARM.attributes
                0x000001fe       0x33 Libraries\FEHIO.o
 .ARM.attributes
                0x00000231       0x33 Drivers\adc16.o
 .ARM.attributes
                0x00000264       0x33 Libraries\FEHBuzzer.o
 .ARM.attributes
                0x00000297       0x33 Libraries\FEHLCD.o
 .ARM.attributes
                0x000002ca       0x33 Libraries\FEHBattery.o
 .ARM.attributes
                0x000002fd       0x33 Drivers\FEHXBee.o
 .ARM.attributes
                0x00000330       0x33 Libraries\FEHRPS.o
 .ARM.attributes
                0x00000363       0x33 R:\fehqt\Proteus/EWL/lib/armv7e-m\libc.a(sprintf.o)
 .ARM.attributes
                0x00000396       0x33 R:\fehqt\Proteus/EWL/lib/armv7e-m\libc.a(vsnprintf.o)
 .ARM.attributes
                0x000003c9       0x33 R:\fehqt\Proteus/EWL/lib/armv7e-m\libc.a(exit.o)
 .ARM.attributes
                0x000003fc       0x33 R:\fehqt\Proteus/EWL/lib/armv7e-m\libc.a(memcpy.o)
 .ARM.attributes
                0x0000042f       0x33 R:\fehqt\Proteus/EWL/lib/armv7e-m\libc.a(memset.o)
 .ARM.attributes
                0x00000462       0x33 R:\fehqt\Proteus/EWL/lib/armv7e-m\libc.a(printformat_.o)
 .ARM.attributes
                0x00000495       0x33 R:\fehqt\Proteus/EWL/lib/armv7e-m\libc.a(scanformat_.o)
 .ARM.attributes
                0x000004c8       0x33 R:\fehqt\Proteus/EWL/lib/armv7e-m\libc.a(ctype_aeabi.o)
 .ARM.attributes
                0x000004fb       0x33 R:\fehqt\Proteus/EWL/lib/armv7e-m\libc.a(__strtoul.o)
 .ARM.attributes
                0x0000052e       0x33 R:\fehqt\Proteus/EWL/lib/armv7e-m\libc.a(__filll_mem.o)
 .ARM.attributes
                0x00000561       0x33 R:\fehqt\Proteus/EWL/lib/armv7e-m\libc.a(memchr.o)
 .ARM.attributes
                0x00000594       0x33 R:\fehqt\Proteus/EWL/lib/armv7e-m\libc.a(strchr.o)
 .ARM.attributes
                0x000005c7       0x33 R:\fehqt\Proteus/EWL/lib/armv7e-m\libc.a(strlen.o)
 .ARM.attributes
                0x000005fa       0x1e r:/fehqt/proteus/gcc/bin/../lib/gcc/arm-none-eabi/4.6.2/armv7e-m\libgcc.a(_arm_addsubdf3.o)
 .ARM.attributes
                0x00000618       0x1e r:/fehqt/proteus/gcc/bin/../lib/gcc/arm-none-eabi/4.6.2/armv7e-m\libgcc.a(_arm_muldivdf3.o)
 .ARM.attributes
                0x00000636       0x1e r:/fehqt/proteus/gcc/bin/../lib/gcc/arm-none-eabi/4.6.2/armv7e-m\libgcc.a(_arm_truncdfsf2.o)
 .ARM.attributes
                0x00000654       0x1e r:/fehqt/proteus/gcc/bin/../lib/gcc/arm-none-eabi/4.6.2/armv7e-m\libgcc.a(_arm_addsubsf3.o)
 .ARM.attributes
                0x00000672       0x1e r:/fehqt/proteus/gcc/bin/../lib/gcc/arm-none-eabi/4.6.2/armv7e-m\libgcc.a(_arm_muldivsf3.o)
 .ARM.attributes
                0x00000690       0x1e r:/fehqt/proteus/gcc/bin/../lib/gcc/arm-none-eabi/4.6.2/armv7e-m\libgcc.a(_arm_cmpsf2.o)
 .ARM.attributes
                0x000006ae       0x1e r:/fehqt/proteus/gcc/bin/../lib/gcc/arm-none-eabi/4.6.2/armv7e-m\libgcc.a(_arm_fixsfsi.o)
 .ARM.attributes
                0x000006cc       0x33 R:\fehqt\Proteus/EWL/lib/armv7e-m\librt.a(gcc_ctor_dtor.o)
 .ARM.attributes
                0x000006ff       0x33 R:\fehqt\Proteus/EWL/lib/armv7e-m\librt.a(ROMCopy.o)
 .ARM.attributes
                0x00000732       0x33 R:\fehqt\Proteus/EWL/lib/armv7e-m\librt.a(__arm_eabi_init.o)
OUTPUT(../lab1.elf elf32-littlearm)

.debug_info     0x00000000     0xd229
 .debug_info    0x00000000      0xf3a ..\main.o
 .debug_info    0x00000f3a     0x121e Startup\__arm_start.o
 .debug_info    0x00002158       0x58 Startup\__arm_end.o
 .debug_info    0x000021b0      0x4b3 Startup\kinetis_sysinit.o
 .debug_info    0x00002663      0x30d Libraries\FEHMotor.o
 .debug_info    0x00002970      0x59c Drivers\uart.o
 .debug_info    0x00002f0c      0x2de Drivers\lptmr.o
 .debug_info    0x000031ea      0x1a7 FEHProteus.o
 .debug_info    0x00003391      0x722 Drivers\FEHPropeller.o
 .debug_info    0x00003ab3      0x36c Libraries\FEHUtility.o
 .debug_info    0x00003e1f     0x1c6e Libraries\FEHIO.o
 .debug_info    0x00005a8d      0x4ab Drivers\adc16.o
 .debug_info    0x00005f38      0xa42 Libraries\FEHBuzzer.o
 .debug_info    0x0000697a     0x2393 Libraries\FEHLCD.o
 .debug_info    0x00008d0d      0x3a9 Libraries\FEHBattery.o
 .debug_info    0x000090b6      0xac3 Drivers\FEHXBee.o
 .debug_info    0x00009b79     0x1657 Libraries\FEHRPS.o
 .debug_info    0x0000b1d0      0x11f R:\fehqt\Proteus/EWL/lib/armv7e-m\libc.a(sprintf.o)
 .debug_info    0x0000b2ef      0x206 R:\fehqt\Proteus/EWL/lib/armv7e-m\libc.a(vsnprintf.o)
 .debug_info    0x0000b4f5      0x103 R:\fehqt\Proteus/EWL/lib/armv7e-m\libc.a(exit.o)
 .debug_info    0x0000b5f8      0x113 R:\fehqt\Proteus/EWL/lib/armv7e-m\libc.a(memcpy.o)
 .debug_info    0x0000b70b       0xf4 R:\fehqt\Proteus/EWL/lib/armv7e-m\libc.a(memset.o)
 .debug_info    0x0000b7ff      0x512 R:\fehqt\Proteus/EWL/lib/armv7e-m\libc.a(printformat_.o)
 .debug_info    0x0000bd11      0x564 R:\fehqt\Proteus/EWL/lib/armv7e-m\libc.a(scanformat_.o)
 .debug_info    0x0000c275      0x32a R:\fehqt\Proteus/EWL/lib/armv7e-m\libc.a(ctype_aeabi.o)
 .debug_info    0x0000c59f      0x1d7 R:\fehqt\Proteus/EWL/lib/armv7e-m\libc.a(__strtoul.o)
 .debug_info    0x0000c776      0x13d R:\fehqt\Proteus/EWL/lib/armv7e-m\libc.a(__filll_mem.o)
 .debug_info    0x0000c8b3      0x129 R:\fehqt\Proteus/EWL/lib/armv7e-m\libc.a(memchr.o)
 .debug_info    0x0000c9dc      0x110 R:\fehqt\Proteus/EWL/lib/armv7e-m\libc.a(strchr.o)
 .debug_info    0x0000caec       0xf3 R:\fehqt\Proteus/EWL/lib/armv7e-m\libc.a(strlen.o)
 .debug_info    0x0000cbdf      0x1c0 R:\fehqt\Proteus/EWL/lib/armv7e-m\librt.a(gcc_ctor_dtor.o)
 .debug_info    0x0000cd9f      0x1b8 R:\fehqt\Proteus/EWL/lib/armv7e-m\librt.a(ROMCopy.o)
 .debug_info    0x0000cf57      0x2d2 R:\fehqt\Proteus/EWL/lib/armv7e-m\librt.a(__arm_eabi_init.o)

.debug_abbrev   0x00000000     0x2e4a
 .debug_abbrev  0x00000000      0x275 ..\main.o
 .debug_abbrev  0x00000275      0x277 Startup\__arm_start.o
 .debug_abbrev  0x000004ec       0x45 Startup\__arm_end.o
 .debug_abbrev  0x00000531      0x107 Startup\kinetis_sysinit.o
 .debug_abbrev  0x00000638      0x178 Libraries\FEHMotor.o
 .debug_abbrev  0x000007b0      0x15f Drivers\uart.o
 .debug_abbrev  0x0000090f       0xd2 Drivers\lptmr.o
 .debug_abbrev  0x000009e1      0x101 FEHProteus.o
 .debug_abbrev  0x00000ae2      0x1c6 Drivers\FEHPropeller.o
 .debug_abbrev  0x00000ca8      0x154 Libraries\FEHUtility.o
 .debug_abbrev  0x00000dfc      0x448 Libraries\FEHIO.o
 .debug_abbrev  0x00001244      0x12a Drivers\adc16.o
 .debug_abbrev  0x0000136e      0x1da Libraries\FEHBuzzer.o
 .debug_abbrev  0x00001548      0x33b Libraries\FEHLCD.o
 .debug_abbrev  0x00001883      0x1cb Libraries\FEHBattery.o
 .debug_abbrev  0x00001a4e      0x231 Drivers\FEHXBee.o
 .debug_abbrev  0x00001c7f      0x33b Libraries\FEHRPS.o
 .debug_abbrev  0x00001fba       0xb5 R:\fehqt\Proteus/EWL/lib/armv7e-m\libc.a(sprintf.o)
 .debug_abbrev  0x0000206f       0xf4 R:\fehqt\Proteus/EWL/lib/armv7e-m\libc.a(vsnprintf.o)
 .debug_abbrev  0x00002163       0x8f R:\fehqt\Proteus/EWL/lib/armv7e-m\libc.a(exit.o)
 .debug_abbrev  0x000021f2       0x97 R:\fehqt\Proteus/EWL/lib/armv7e-m\libc.a(memcpy.o)
 .debug_abbrev  0x00002289       0x66 R:\fehqt\Proteus/EWL/lib/armv7e-m\libc.a(memset.o)
 .debug_abbrev  0x000022ef      0x204 R:\fehqt\Proteus/EWL/lib/armv7e-m\libc.a(printformat_.o)
 .debug_abbrev  0x000024f3      0x1fb R:\fehqt\Proteus/EWL/lib/armv7e-m\libc.a(scanformat_.o)
 .debug_abbrev  0x000026ee       0x9a R:\fehqt\Proteus/EWL/lib/armv7e-m\libc.a(ctype_aeabi.o)
 .debug_abbrev  0x00002788       0xc6 R:\fehqt\Proteus/EWL/lib/armv7e-m\libc.a(__strtoul.o)
 .debug_abbrev  0x0000284e       0x8b R:\fehqt\Proteus/EWL/lib/armv7e-m\libc.a(__filll_mem.o)
 .debug_abbrev  0x000028d9       0x99 R:\fehqt\Proteus/EWL/lib/armv7e-m\libc.a(memchr.o)
 .debug_abbrev  0x00002972       0x8d R:\fehqt\Proteus/EWL/lib/armv7e-m\libc.a(strchr.o)
 .debug_abbrev  0x000029ff       0x7e R:\fehqt\Proteus/EWL/lib/armv7e-m\libc.a(strlen.o)
 .debug_abbrev  0x00002a7d       0x9d R:\fehqt\Proteus/EWL/lib/armv7e-m\librt.a(gcc_ctor_dtor.o)
 .debug_abbrev  0x00002b1a      0x160 R:\fehqt\Proteus/EWL/lib/armv7e-m\librt.a(ROMCopy.o)
 .debug_abbrev  0x00002c7a      0x1d0 R:\fehqt\Proteus/EWL/lib/armv7e-m\librt.a(__arm_eabi_init.o)

.debug_loc      0x00000000     0x4de0
 .debug_loc     0x00000000       0x9c ..\main.o
 .debug_loc     0x0000009c       0xb0 Startup\__arm_start.o
 .debug_loc     0x0000014c       0x38 Startup\__arm_end.o
 .debug_loc     0x00000184       0x84 Startup\kinetis_sysinit.o
 .debug_loc     0x00000208       0xe0 Libraries\FEHMotor.o
 .debug_loc     0x000002e8       0xe0 Drivers\uart.o
 .debug_loc     0x000003c8       0x38 Drivers\lptmr.o
 .debug_loc     0x00000400       0x64 FEHProteus.o
 .debug_loc     0x00000464      0x118 Drivers\FEHPropeller.o
 .debug_loc     0x0000057c      0x1a8 Libraries\FEHUtility.o
 .debug_loc     0x00000724      0x8d6 Libraries\FEHIO.o
 .debug_loc     0x00000ffa       0xa8 Drivers\adc16.o
 .debug_loc     0x000010a2      0x304 Libraries\FEHBuzzer.o
 .debug_loc     0x000013a6      0xdfd Libraries\FEHLCD.o
 .debug_loc     0x000021a3       0xd4 Libraries\FEHBattery.o
 .debug_loc     0x00002277      0x1c0 Drivers\FEHXBee.o
 .debug_loc     0x00002437      0x4fe Libraries\FEHRPS.o
 .debug_loc     0x00002935       0x3f R:\fehqt\Proteus/EWL/lib/armv7e-m\libc.a(sprintf.o)
 .debug_loc     0x00002974      0x105 R:\fehqt\Proteus/EWL/lib/armv7e-m\libc.a(vsnprintf.o)
 .debug_loc     0x00002a79       0x3e R:\fehqt\Proteus/EWL/lib/armv7e-m\libc.a(exit.o)
 .debug_loc     0x00002ab7       0x46 R:\fehqt\Proteus/EWL/lib/armv7e-m\libc.a(memcpy.o)
 .debug_loc     0x00002afd       0x64 R:\fehqt\Proteus/EWL/lib/armv7e-m\libc.a(memset.o)
 .debug_loc     0x00002b61     0x106f R:\fehqt\Proteus/EWL/lib/armv7e-m\libc.a(printformat_.o)
 .debug_loc     0x00003bd0      0x8cb R:\fehqt\Proteus/EWL/lib/armv7e-m\libc.a(scanformat_.o)
 .debug_loc     0x0000449b      0x18e R:\fehqt\Proteus/EWL/lib/armv7e-m\libc.a(ctype_aeabi.o)
 .debug_loc     0x00004629      0x2ad R:\fehqt\Proteus/EWL/lib/armv7e-m\libc.a(__strtoul.o)
 .debug_loc     0x000048d6      0x12c R:\fehqt\Proteus/EWL/lib/armv7e-m\libc.a(__filll_mem.o)
 .debug_loc     0x00004a02       0x82 R:\fehqt\Proteus/EWL/lib/armv7e-m\libc.a(memchr.o)
 .debug_loc     0x00004a84       0x78 R:\fehqt\Proteus/EWL/lib/armv7e-m\libc.a(strchr.o)
 .debug_loc     0x00004afc       0x31 R:\fehqt\Proteus/EWL/lib/armv7e-m\libc.a(strlen.o)
 .debug_loc     0x00004b2d       0xbe R:\fehqt\Proteus/EWL/lib/armv7e-m\librt.a(gcc_ctor_dtor.o)
 .debug_loc     0x00004beb       0x9b R:\fehqt\Proteus/EWL/lib/armv7e-m\librt.a(ROMCopy.o)
 .debug_loc     0x00004c86      0x15a R:\fehqt\Proteus/EWL/lib/armv7e-m\librt.a(__arm_eabi_init.o)

.debug_aranges  0x00000000      0xa70
 .debug_aranges
                0x00000000       0x30 ..\main.o
 .debug_aranges
                0x00000030       0x48 Startup\__arm_start.o
 .debug_aranges
                0x00000078       0x20 Startup\__arm_end.o
 .debug_aranges
                0x00000098       0x30 Startup\kinetis_sysinit.o
 .debug_aranges
                0x000000c8       0x38 Libraries\FEHMotor.o
 .debug_aranges
                0x00000100       0x38 Drivers\uart.o
 .debug_aranges
                0x00000138       0x20 Drivers\lptmr.o
 .debug_aranges
                0x00000158       0x28 FEHProteus.o
 .debug_aranges
                0x00000180       0x40 Drivers\FEHPropeller.o
 .debug_aranges
                0x000001c0       0x58 Libraries\FEHUtility.o
 .debug_aranges
                0x00000218      0x160 Libraries\FEHIO.o
 .debug_aranges
                0x00000378       0x30 Drivers\adc16.o
 .debug_aranges
                0x000003a8       0x88 Libraries\FEHBuzzer.o
 .debug_aranges
                0x00000430      0x218 Libraries\FEHLCD.o
 .debug_aranges
                0x00000648       0x38 Libraries\FEHBattery.o
 .debug_aranges
                0x00000680       0x58 Drivers\FEHXBee.o
 .debug_aranges
                0x000006d8       0xd0 Libraries\FEHRPS.o
 .debug_aranges
                0x000007a8       0x20 R:\fehqt\Proteus/EWL/lib/armv7e-m\libc.a(sprintf.o)
 .debug_aranges
                0x000007c8       0x28 R:\fehqt\Proteus/EWL/lib/armv7e-m\libc.a(vsnprintf.o)
 .debug_aranges
                0x000007f0       0x20 R:\fehqt\Proteus/EWL/lib/armv7e-m\libc.a(exit.o)
 .debug_aranges
                0x00000810       0x20 R:\fehqt\Proteus/EWL/lib/armv7e-m\libc.a(memcpy.o)
 .debug_aranges
                0x00000830       0x20 R:\fehqt\Proteus/EWL/lib/armv7e-m\libc.a(memset.o)
 .debug_aranges
                0x00000850       0x28 R:\fehqt\Proteus/EWL/lib/armv7e-m\libc.a(printformat_.o)
 .debug_aranges
                0x00000878       0x20 R:\fehqt\Proteus/EWL/lib/armv7e-m\libc.a(scanformat_.o)
 .debug_aranges
                0x00000898       0x88 R:\fehqt\Proteus/EWL/lib/armv7e-m\libc.a(ctype_aeabi.o)
 .debug_aranges
                0x00000920       0x20 R:\fehqt\Proteus/EWL/lib/armv7e-m\libc.a(__strtoul.o)
 .debug_aranges
                0x00000940       0x20 R:\fehqt\Proteus/EWL/lib/armv7e-m\libc.a(__filll_mem.o)
 .debug_aranges
                0x00000960       0x20 R:\fehqt\Proteus/EWL/lib/armv7e-m\libc.a(memchr.o)
 .debug_aranges
                0x00000980       0x20 R:\fehqt\Proteus/EWL/lib/armv7e-m\libc.a(strchr.o)
 .debug_aranges
                0x000009a0       0x20 R:\fehqt\Proteus/EWL/lib/armv7e-m\libc.a(strlen.o)
 .debug_aranges
                0x000009c0       0x28 R:\fehqt\Proteus/EWL/lib/armv7e-m\librt.a(gcc_ctor_dtor.o)
 .debug_aranges
                0x000009e8       0x30 R:\fehqt\Proteus/EWL/lib/armv7e-m\librt.a(ROMCopy.o)
 .debug_aranges
                0x00000a18       0x58 R:\fehqt\Proteus/EWL/lib/armv7e-m\librt.a(__arm_eabi_init.o)

.debug_line     0x00000000     0x4c3c
 .debug_line    0x00000000      0x237 ..\main.o
 .debug_line    0x00000237      0x367 Startup\__arm_start.o
 .debug_line    0x0000059e      0x21a Startup\__arm_end.o
 .debug_line    0x000007b8      0x1e7 Startup\kinetis_sysinit.o
 .debug_line    0x0000099f      0x22c Libraries\FEHMotor.o
 .debug_line    0x00000bcb      0x212 Drivers\uart.o
 .debug_line    0x00000ddd      0x1c0 Drivers\lptmr.o
 .debug_line    0x00000f9d      0x1da FEHProteus.o
 .debug_line    0x00001177      0x264 Drivers\FEHPropeller.o
 .debug_line    0x000013db      0x282 Libraries\FEHUtility.o
 .debug_line    0x0000165d      0x69a Libraries\FEHIO.o
 .debug_line    0x00001cf7      0x20f Drivers\adc16.o
 .debug_line    0x00001f06      0x2df Libraries\FEHBuzzer.o
 .debug_line    0x000021e5      0xea5 Libraries\FEHLCD.o
 .debug_line    0x0000308a      0x218 Libraries\FEHBattery.o
 .debug_line    0x000032a2      0x303 Drivers\FEHXBee.o
 .debug_line    0x000035a5      0x57c Libraries\FEHRPS.o
 .debug_line    0x00003b21       0x94 R:\fehqt\Proteus/EWL/lib/armv7e-m\libc.a(sprintf.o)
 .debug_line    0x00003bb5       0xd2 R:\fehqt\Proteus/EWL/lib/armv7e-m\libc.a(vsnprintf.o)
 .debug_line    0x00003c87       0x94 R:\fehqt\Proteus/EWL/lib/armv7e-m\libc.a(exit.o)
 .debug_line    0x00003d1b       0x8d R:\fehqt\Proteus/EWL/lib/armv7e-m\libc.a(memcpy.o)
 .debug_line    0x00003da8       0x8f R:\fehqt\Proteus/EWL/lib/armv7e-m\libc.a(memset.o)
 .debug_line    0x00003e37      0x2c6 R:\fehqt\Proteus/EWL/lib/armv7e-m\libc.a(printformat_.o)
 .debug_line    0x000040fd      0x2e3 R:\fehqt\Proteus/EWL/lib/armv7e-m\libc.a(scanformat_.o)
 .debug_line    0x000043e0      0x1dd R:\fehqt\Proteus/EWL/lib/armv7e-m\libc.a(ctype_aeabi.o)
 .debug_line    0x000045bd      0x141 R:\fehqt\Proteus/EWL/lib/armv7e-m\libc.a(__strtoul.o)
 .debug_line    0x000046fe      0x121 R:\fehqt\Proteus/EWL/lib/armv7e-m\libc.a(__filll_mem.o)
 .debug_line    0x0000481f       0xa3 R:\fehqt\Proteus/EWL/lib/armv7e-m\libc.a(memchr.o)
 .debug_line    0x000048c2       0x84 R:\fehqt\Proteus/EWL/lib/armv7e-m\libc.a(strchr.o)
 .debug_line    0x00004946       0x89 R:\fehqt\Proteus/EWL/lib/armv7e-m\libc.a(strlen.o)
 .debug_line    0x000049cf       0x94 R:\fehqt\Proteus/EWL/lib/armv7e-m\librt.a(gcc_ctor_dtor.o)
 .debug_line    0x00004a63       0xc0 R:\fehqt\Proteus/EWL/lib/armv7e-m\librt.a(ROMCopy.o)
 .debug_line    0x00004b23      0x119 R:\fehqt\Proteus/EWL/lib/armv7e-m\librt.a(__arm_eabi_init.o)

.debug_macinfo  0x00000000   0x637411
 .debug_macinfo
                0x00000000    0x6379d ..\main.o
 .debug_macinfo
                0x0006379d    0x63bda Startup\__arm_start.o
 .debug_macinfo
                0x000c7377     0x3464 Startup\__arm_end.o
 .debug_macinfo
                0x000ca7db    0x63036 Startup\kinetis_sysinit.o
 .debug_macinfo
                0x0012d811    0x6305c Libraries\FEHMotor.o
 .debug_macinfo
                0x0019086d    0x62fc7 Drivers\uart.o
 .debug_macinfo
                0x001f3834    0x63036 Drivers\lptmr.o
 .debug_macinfo
                0x0025686a    0x62fdc FEHProteus.o
 .debug_macinfo
                0x002b9846    0x63085 Drivers\FEHPropeller.o
 .debug_macinfo
                0x0031c8cb    0x62ff1 Libraries\FEHUtility.o
 .debug_macinfo
                0x0037f8bc    0x63713 Libraries\FEHIO.o
 .debug_macinfo
                0x003e2fcf    0x63678 Drivers\adc16.o
 .debug_macinfo
                0x00446647    0x6301e Libraries\FEHBuzzer.o
 .debug_macinfo
                0x004a9665    0x63d2a Libraries\FEHLCD.o
 .debug_macinfo
                0x0050d38f    0x636a3 Libraries\FEHBattery.o
 .debug_macinfo
                0x00570a32    0x6313c Drivers\FEHXBee.o
 .debug_macinfo
                0x005d3b6e    0x638a3 Libraries\FEHRPS.o

.debug_str      0x00000000     0x3749
 .debug_str     0x00000000      0xe8f ..\main.o
                                0xf1f (size before relaxing)
 .debug_str     0x00000e8f      0x361 Startup\__arm_start.o
                                0xdce (size before relaxing)
 .debug_str     0x000011f0       0x2a Startup\__arm_end.o
                                 0xa4 (size before relaxing)
 .debug_str     0x0000121a      0x154 Startup\kinetis_sysinit.o
                                0x2b9 (size before relaxing)
 .debug_str     0x0000136e       0x2c Libraries\FEHMotor.o
                                0x2aa (size before relaxing)
 .debug_str     0x0000139a      0x188 Drivers\uart.o
                                0x339 (size before relaxing)
 .debug_str     0x00001522       0x61 Drivers\lptmr.o
                                0x1f2 (size before relaxing)
 .debug_str     0x00001583       0x28 FEHProteus.o
                                0x23e (size before relaxing)
 .debug_str     0x000015ab       0x2a Drivers\FEHPropeller.o
                                0x37f (size before relaxing)
 .debug_str     0x000015d5       0xc0 Libraries\FEHUtility.o
                                0x1c3 (size before relaxing)
 .debug_str     0x00001695      0xc73 Libraries\FEHIO.o
                               0x126d (size before relaxing)
 .debug_str     0x00002308       0xdd Drivers\adc16.o
                                0x283 (size before relaxing)
 .debug_str     0x000023e5      0x1ba Libraries\FEHBuzzer.o
                                0x395 (size before relaxing)
 .debug_str     0x0000259f      0x228 Libraries\FEHLCD.o
                                0xdda (size before relaxing)
 .debug_str     0x000027c7       0x5d Libraries\FEHBattery.o
                                0x348 (size before relaxing)
 .debug_str     0x00002824      0x1f6 Drivers\FEHXBee.o
                                0x52e (size before relaxing)
 .debug_str     0x00002a1a      0x3b6 Libraries\FEHRPS.o
                               0x1273 (size before relaxing)
 .debug_str     0x00002dd0       0xbf R:\fehqt\Proteus/EWL/lib/armv7e-m\libc.a(sprintf.o)
                                0x15a (size before relaxing)
 .debug_str     0x00002e8f       0x83 R:\fehqt\Proteus/EWL/lib/armv7e-m\libc.a(vsnprintf.o)
                                0x1c3 (size before relaxing)
 .debug_str     0x00002f12       0x2e R:\fehqt\Proteus/EWL/lib/armv7e-m\libc.a(exit.o)
                                0x14e (size before relaxing)
 .debug_str     0x00002f40       0x1c R:\fehqt\Proteus/EWL/lib/armv7e-m\libc.a(memcpy.o)
                                0x138 (size before relaxing)
 .debug_str     0x00002f5c       0x1c R:\fehqt\Proteus/EWL/lib/armv7e-m\libc.a(memset.o)
                                0x140 (size before relaxing)
 .debug_str     0x00002f78      0x22c R:\fehqt\Proteus/EWL/lib/armv7e-m\libc.a(printformat_.o)
                                0x3aa (size before relaxing)
 .debug_str     0x000031a4      0x17b R:\fehqt\Proteus/EWL/lib/armv7e-m\libc.a(scanformat_.o)
                                0x3f0 (size before relaxing)
 .debug_str     0x0000331f       0x9d R:\fehqt\Proteus/EWL/lib/armv7e-m\libc.a(ctype_aeabi.o)
                                0x1b3 (size before relaxing)
 .debug_str     0x000033bc       0x5b R:\fehqt\Proteus/EWL/lib/armv7e-m\libc.a(__strtoul.o)
                                0x1f2 (size before relaxing)
 .debug_str     0x00003417       0x25 R:\fehqt\Proteus/EWL/lib/armv7e-m\libc.a(__filll_mem.o)
                                0x152 (size before relaxing)
 .debug_str     0x0000343c       0x1c R:\fehqt\Proteus/EWL/lib/armv7e-m\libc.a(memchr.o)
                                0x148 (size before relaxing)
 .debug_str     0x00003458       0x1c R:\fehqt\Proteus/EWL/lib/armv7e-m\libc.a(strchr.o)
                                0x137 (size before relaxing)
 .debug_str     0x00003474       0x1c R:\fehqt\Proteus/EWL/lib/armv7e-m\libc.a(strlen.o)
                                0x140 (size before relaxing)
 .debug_str     0x00003490      0x126 R:\fehqt\Proteus/EWL/lib/armv7e-m\librt.a(gcc_ctor_dtor.o)
                                0x185 (size before relaxing)
 .debug_str     0x000035b6       0x9b R:\fehqt\Proteus/EWL/lib/armv7e-m\librt.a(ROMCopy.o)
                                0x140 (size before relaxing)
 .debug_str     0x00003651       0xf8 R:\fehqt\Proteus/EWL/lib/armv7e-m\librt.a(__arm_eabi_init.o)
                                0x1ac (size before relaxing)

.comment        0x00000000       0x79
 .comment       0x00000000       0x79 ..\main.o
                                 0x7a (size before relaxing)
 .comment       0x00000000       0x7a Startup\__arm_start.o
 .comment       0x00000000       0x7a Startup\__arm_end.o
 .comment       0x00000000       0x7a Startup\kinetis_sysinit.o
 .comment       0x00000000       0x7a Libraries\FEHMotor.o
 .comment       0x00000000       0x7a Drivers\uart.o
 .comment       0x00000000       0x7a Drivers\lptmr.o
 .comment       0x00000000       0x7a FEHProteus.o
 .comment       0x00000000       0x7a Drivers\FEHPropeller.o
 .comment       0x00000000       0x7a Libraries\FEHUtility.o
 .comment       0x00000000       0x7a Libraries\FEHIO.o
 .comment       0x00000000       0x7a Drivers\adc16.o
 .comment       0x00000000       0x7a Libraries\FEHBuzzer.o
 .comment       0x00000000       0x7a Libraries\FEHLCD.o
 .comment       0x00000000       0x7a Libraries\FEHBattery.o
 .comment       0x00000000       0x7a Drivers\FEHXBee.o
 .comment       0x00000000       0x7a Libraries\FEHRPS.o
 .comment       0x00000000       0x7a R:\fehqt\Proteus/EWL/lib/armv7e-m\libc.a(sprintf.o)
 .comment       0x00000000       0x7a R:\fehqt\Proteus/EWL/lib/armv7e-m\libc.a(vsnprintf.o)
 .comment       0x00000000       0x7a R:\fehqt\Proteus/EWL/lib/armv7e-m\libc.a(exit.o)
 .comment       0x00000000       0x7a R:\fehqt\Proteus/EWL/lib/armv7e-m\libc.a(memcpy.o)
 .comment       0x00000000       0x7a R:\fehqt\Proteus/EWL/lib/armv7e-m\libc.a(memset.o)
 .comment       0x00000000       0x7a R:\fehqt\Proteus/EWL/lib/armv7e-m\libc.a(printformat_.o)
 .comment       0x00000000       0x7a R:\fehqt\Proteus/EWL/lib/armv7e-m\libc.a(scanformat_.o)
 .comment       0x00000000       0x7a R:\fehqt\Proteus/EWL/lib/armv7e-m\libc.a(ctype_aeabi.o)
 .comment       0x00000000       0x7a R:\fehqt\Proteus/EWL/lib/armv7e-m\libc.a(__strtoul.o)
 .comment       0x00000000       0x7a R:\fehqt\Proteus/EWL/lib/armv7e-m\libc.a(__filll_mem.o)
 .comment       0x00000000       0x7a R:\fehqt\Proteus/EWL/lib/armv7e-m\libc.a(memchr.o)
 .comment       0x00000000       0x7a R:\fehqt\Proteus/EWL/lib/armv7e-m\libc.a(strchr.o)
 .comment       0x00000000       0x7a R:\fehqt\Proteus/EWL/lib/armv7e-m\libc.a(strlen.o)
 .comment       0x00000000       0x7a R:\fehqt\Proteus/EWL/lib/armv7e-m\librt.a(gcc_ctor_dtor.o)
 .comment       0x00000000       0x7a R:\fehqt\Proteus/EWL/lib/armv7e-m\librt.a(ROMCopy.o)
 .comment       0x00000000       0x7a R:\fehqt\Proteus/EWL/lib/armv7e-m\librt.a(__arm_eabi_init.o)

.debug_frame    0x00000000     0x1c70
 .debug_frame   0x00000000       0x6c ..\main.o
 .debug_frame   0x0000006c       0x98 Startup\__arm_start.o
 .debug_frame   0x00000104       0x2c Startup\__arm_end.o
 .debug_frame   0x00000130       0x58 Startup\kinetis_sysinit.o
 .debug_frame   0x00000188       0x8c Libraries\FEHMotor.o
 .debug_frame   0x00000214       0x84 Drivers\uart.o
 .debug_frame   0x00000298       0x2c Drivers\lptmr.o
 .debug_frame   0x000002c4       0x4c FEHProteus.o
 .debug_frame   0x00000310       0xa8 Drivers\FEHPropeller.o
 .debug_frame   0x000003b8       0xf8 Libraries\FEHUtility.o
 .debug_frame   0x000004b0      0x4e8 Libraries\FEHIO.o
 .debug_frame   0x00000998       0x64 Drivers\adc16.o
 .debug_frame   0x000009fc      0x1c8 Libraries\FEHBuzzer.o
 .debug_frame   0x00000bc4      0x7e0 Libraries\FEHLCD.o
 .debug_frame   0x000013a4       0x8c Libraries\FEHBattery.o
 .debug_frame   0x00001430       0xfc Drivers\FEHXBee.o
 .debug_frame   0x0000152c      0x2b0 Libraries\FEHRPS.o
 .debug_frame   0x000017dc       0x34 R:\fehqt\Proteus/EWL/lib/armv7e-m\libc.a(sprintf.o)
 .debug_frame   0x00001810       0x4c R:\fehqt\Proteus/EWL/lib/armv7e-m\libc.a(vsnprintf.o)
 .debug_frame   0x0000185c       0x28 R:\fehqt\Proteus/EWL/lib/armv7e-m\libc.a(exit.o)
 .debug_frame   0x00001884       0x28 R:\fehqt\Proteus/EWL/lib/armv7e-m\libc.a(memcpy.o)
 .debug_frame   0x000018ac       0x28 R:\fehqt\Proteus/EWL/lib/armv7e-m\libc.a(memset.o)
 .debug_frame   0x000018d4       0x64 R:\fehqt\Proteus/EWL/lib/armv7e-m\libc.a(printformat_.o)
 .debug_frame   0x00001938       0x3c R:\fehqt\Proteus/EWL/lib/armv7e-m\libc.a(scanformat_.o)
 .debug_frame   0x00001974       0xf0 R:\fehqt\Proteus/EWL/lib/armv7e-m\libc.a(ctype_aeabi.o)
 .debug_frame   0x00001a64       0x3c R:\fehqt\Proteus/EWL/lib/armv7e-m\libc.a(__strtoul.o)
 .debug_frame   0x00001aa0       0x2c R:\fehqt\Proteus/EWL/lib/armv7e-m\libc.a(__filll_mem.o)
 .debug_frame   0x00001acc       0x28 R:\fehqt\Proteus/EWL/lib/armv7e-m\libc.a(memchr.o)
 .debug_frame   0x00001af4       0x20 R:\fehqt\Proteus/EWL/lib/armv7e-m\libc.a(strchr.o)
 .debug_frame   0x00001b14       0x20 R:\fehqt\Proteus/EWL/lib/armv7e-m\libc.a(strlen.o)
 .debug_frame   0x00001b34       0x48 R:\fehqt\Proteus/EWL/lib/armv7e-m\librt.a(gcc_ctor_dtor.o)
 .debug_frame   0x00001b7c       0x48 R:\fehqt\Proteus/EWL/lib/armv7e-m\librt.a(ROMCopy.o)
 .debug_frame   0x00001bc4       0xac R:\fehqt\Proteus/EWL/lib/armv7e-m\librt.a(__arm_eabi_init.o)
